
> temp_app@0.1.0 build
> next build

??Next.js 16.2.1 (Turbopack)

node.exe : ??The "middleware" file convention is deprecated. Please use "
proxy" instead. Learn more: https://nextjs.org/docs/messages/middleware-t
o-proxy
위치 줄:1 문자:1
+ & "C:\Program Files\nodejs/node.exe" "C:\Program Files\nodejs/node_mo .
..
+ ~~~~~~~~~~~~~~~~~~~~~~~~~~~~~~~~~~~~~~~~~~~~~~~~~~~~~~~~~~~~~~~~~~~~~
    + CategoryInfo          : NotSpecified: (??The "middlewa...leware-to 
   -proxy:String) [], RemoteException
    + FullyQualifiedErrorId : NativeCommandError
 
  Creating an optimized production build ...
??Compiled successfully in 2.9s
  Running TypeScript ...
Failed to type check.

./src/app/(admin)/content/answers/new/page.tsx:118:16
Type error: Cannot find name 'Plus'.

  [90m116 |[0m             <h2 className=[32m"text-[18px] font-bold te
xt-neutral-900"[0m>洹쇨굅 ?먮즺 ?곕룞 ([33mEviden...[0m
  [90m117 |[0m             <button [36mtype[0m=[32m"button"[0m clas
sName=[32m"text-sm text-brand-700 font-bold flex items-...[0m
[31m[1m>[0m [90m118 |[0m               <[33mPlus[0m className=[32
m"w-4 h-4"[0m /> [33mLink[0m [33mEvidence[0m
  [90m    |[0m                [31m[1m^[0m
  [90m119 |[0m             </button>
  [90m120 |[0m           </div>
  [90m121 |[0m           
Next.js build worker exited with code: 1 and signal: null
